FRAGMA_BPF: ARM32 JIT differential start
FRAGMA_BPF: PASS      ldimm64-low                    value=44332211
FRAGMA_BPF: PASS      ldimm64-high                   value=88776655
FRAGMA_BPF: PASS      alu64-reg-00-low               value=89abce10
FRAGMA_BPF: PASS      alu64-reg-00-high              value=f1234567
FRAGMA_BPF: PASS      alu64-reg-10-low               value=89abcdce
FRAGMA_BPF: PASS      alu64-reg-10-high              value=f1234567
FRAGMA_BPF: PASS      alu64-reg-20-low               value=bf258bcf
FRAGMA_BPF: PASS      alu64-reg-20-high              value=158bf258
FRAGMA_BPF: PASS      alu64-reg-40-low               value=89abcdef
FRAGMA_BPF: PASS      alu64-reg-40-high              value=f1234567
FRAGMA_BPF: PASS      alu64-reg-50-low               value=00000021
FRAGMA_BPF: PASS      alu64-reg-50-high              value=00000000
FRAGMA_BPF: PASS      alu64-reg-a0-low               value=89abcdce
FRAGMA_BPF: PASS      alu64-reg-a0-high              value=f1234567
FRAGMA_BPF: PASS      alu64-reg-60-low               value=00000000
FRAGMA_BPF: PASS      alu64-reg-60-high              value=13579bde
FRAGMA_BPF: PASS      alu64-reg-70-low               value=7891a2b3
FRAGMA_BPF: PASS      alu64-reg-70-high              value=00000000
FRAGMA_BPF: PASS      lsh64-imm-0-low                value=89abcdef
FRAGMA_BPF: PASS      lsh64-imm-0-high               value=81234567
FRAGMA_BPF: PASS      rsh64-imm-0-low                value=89abcdef
FRAGMA_BPF: PASS      arsh64-imm-0-high              value=81234567
FRAGMA_BPF: PASS      lsh64-imm-1-low                value=13579bde
FRAGMA_BPF: PASS      lsh64-imm-1-high               value=02468acf
FRAGMA_BPF: PASS      rsh64-imm-1-low                value=c4d5e6f7
FRAGMA_BPF: PASS      arsh64-imm-1-high              value=c091a2b3
FRAGMA_BPF: PASS      lsh64-imm-31-low               value=80000000
FRAGMA_BPF: PASS      lsh64-imm-31-high              value=c4d5e6f7
FRAGMA_BPF: PASS      rsh64-imm-31-low               value=02468acf
FRAGMA_BPF: PASS      arsh64-imm-31-high             value=ffffffff
FRAGMA_BPF: PASS      lsh64-imm-32-low               value=00000000
FRAGMA_BPF: PASS      lsh64-imm-32-high              value=89abcdef
FRAGMA_BPF: PASS      rsh64-imm-32-low               value=81234567
FRAGMA_BPF: PASS      arsh64-imm-32-high             value=ffffffff
FRAGMA_BPF: PASS      lsh64-imm-33-low               value=00000000
FRAGMA_BPF: PASS      lsh64-imm-33-high              value=13579bde
FRAGMA_BPF: PASS      rsh64-imm-33-low               value=4091a2b3
FRAGMA_BPF: PASS      arsh64-imm-33-high             value=ffffffff
FRAGMA_BPF: PASS      lsh64-imm-63-low               value=00000000
FRAGMA_BPF: PASS      lsh64-imm-63-high              value=80000000
FRAGMA_BPF: PASS      rsh64-imm-63-low               value=00000001
FRAGMA_BPF: PASS      arsh64-imm-63-high             value=ffffffff
FRAGMA_BPF: PASS      lsh32-imm-0                    value=89abcdef
FRAGMA_BPF: PASS      arsh32-imm-0                   value=89abcdef
FRAGMA_BPF: PASS      lsh32-imm-1                    value=13579bde
FRAGMA_BPF: PASS      arsh32-imm-1                   value=c4d5e6f7
FRAGMA_BPF: PASS      lsh32-imm-15                   value=e6f78000
FRAGMA_BPF: PASS      arsh32-imm-15                  value=ffff1357
FRAGMA_BPF: PASS      lsh32-imm-31                   value=80000000
FRAGMA_BPF: PASS      arsh32-imm-31                  value=ffffffff
FRAGMA_BPF: PASS      movsx64-8-low                  value=ffffff80
FRAGMA_BPF: PASS      movsx64-8-high                 value=ffffffff
FRAGMA_BPF: PASS      movsx64-16-low                 value=ffff8001
FRAGMA_BPF: PASS      movsx64-16-high                value=ffffffff
FRAGMA_BPF: PASS      movsx64-32-low                 value=80000001
FRAGMA_BPF: PASS      movsx64-32-high                value=ffffffff
FRAGMA_BPF: PASS      movsx32-8                      value=ffffff80
FRAGMA_BPF: PASS      movsx32-16                     value=ffff8001
FRAGMA_BPF: PASS      sdiv64-pos-neg-low             value=fff0af3f
FRAGMA_BPF: PASS      sdiv64-pos-neg-high            value=ffffffff
FRAGMA_BPF: PASS      smod64-neg-pos-low             value=ffffffa6
FRAGMA_BPF: PASS      smod64-neg-pos-high            value=ffffffff
FRAGMA_BPF: PASS      sdiv64-zero                    value=00000000
FRAGMA_BPF: PASS      sdiv64-min-minus1-low          value=00000000
FRAGMA_BPF: PASS      sdiv64-min-minus1-high         value=80000000
FRAGMA_BPF: PASS      jmp64-10-true                  value=00000000
FRAGMA_BPF: PASS      jmp32-10-true                  value=00000001
FRAGMA_BPF: PASS      jmp64-50-true                  value=00000001
FRAGMA_BPF: PASS      jmp32-50-true                  value=00000000
FRAGMA_BPF: PASS      jmp64-20-true                  value=00000001
FRAGMA_BPF: PASS      jmp32-20-true                  value=00000000
FRAGMA_BPF: PASS      jmp64-30-true                  value=00000001
FRAGMA_BPF: PASS      jmp32-30-true                  value=00000001
FRAGMA_BPF: PASS      jmp64-a0-true                  value=00000000
FRAGMA_BPF: PASS      jmp32-a0-true                  value=00000000
FRAGMA_BPF: PASS      jmp64-b0-true                  value=00000000
FRAGMA_BPF: PASS      jmp32-b0-true                  value=00000001
FRAGMA_BPF: PASS      jmp64-60-true                  value=00000000
FRAGMA_BPF: PASS      jmp32-60-true                  value=00000000
FRAGMA_BPF: PASS      jmp64-70-true                  value=00000000
FRAGMA_BPF: PASS      jmp32-70-true                  value=00000001
FRAGMA_BPF: PASS      jmp64-c0-true                  value=00000001
FRAGMA_BPF: PASS      jmp32-c0-true                  value=00000000
FRAGMA_BPF: PASS      jmp64-d0-true                  value=00000001
FRAGMA_BPF: PASS      jmp32-d0-true                  value=00000001
FRAGMA_BPF: PASS      jmp64-40-true                  value=00000001
FRAGMA_BPF: PASS      jmp32-40-true                  value=00000001
FRAGMA_BPF: PASS      stack_st_imm_dw_ldx_dw         value=89abcdef
FRAGMA_BPF: SUMMARY pass=88 fail=0
